exports[`Contact Component renders the work component 1`] = `
<Contact
  contact={Object {}}
  fetchContact={[Function]}
  store={
    Object {
      "clearActions": [Function],
      "dispatch": [Function],
      "getActions": [Function],
      "getState": [Function],
      "replaceReducer": [Function],
      "subscribe": [Function],
    }
  } />
`;
