// Jest Snapshot v1, https://goo.gl/fbAQLP

exports[`Home Component renders the home component 1`] = `
<Home
  fetchPage={[Function]}
  hasErrored={null}
  home={Object {}}
  isLoading={false}
  store={
    Object {
      "clearActions": [Function],
      "dispatch": [Function],
      "getActions": [Function],
      "getState": [Function],
      "replaceReducer": [Function],
      "subscribe": [Function],
    }
  }
/>
`;
