// Jest Snapshot v1, https://goo.gl/fbAQLP

exports[`Work Component renders the work component 1`] = `
<Work
  fetchPage={[Function]}
  hasErrored={null}
  isLoading={false}
  store={
    Object {
      "clearActions": [Function],
      "dispatch": [Function],
      "getActions": [Function],
      "getState": [Function],
      "replaceReducer": [Function],
      "subscribe": [Function],
    }
  }
  work={Object {}}
/>
`;
