// Jest Snapshot v1, https://goo.gl/fbAQLP

exports[`GridItem Component renders the gridItem with site link, background color & logo 1`] = `
<a
  href="http://example.com"
  target="_blank"
>
  <styled.div
    color="#119f4d"
  >
    <styled.img
      src="http://example.com/test.svg"
    />
  </styled.div>
</a>
`;
